EXP06_BEGIN
N 1024
STREAM_CHECK
60252
36458
6596
4932
K sum
4.812717437744141⏨¯3
4.168033599853516⏨¯3
5.538463592529297⏨¯3
5.289793014526367⏨¯3
4.64940071105957⏨¯3
5.438327789306641⏨¯3
4.8351287841796875⏨¯3
4.292964935302734⏨¯3
3.284883499145508⏨¯2
7.597446441650391⏨¯3
6.3397884368896484⏨¯3
7.80487060546875⏨¯3
9.195089340209961⏨¯3
4.4193267822265625⏨¯3
4.925727844238281⏨¯3
5.0504207611083984⏨¯3
5.826473236083984⏨¯3
7.568359375⏨¯3
4.799365997314453⏨¯3
5.373954772949219⏨¯3
ESC sum
60252
36458
6596
4932
K product
2.4835290908813477
2.5301647186279297
2.633974075317383
2.8332278728485107
3.320341110229492
3.146580457687378
4.073997497558594
3.1122994422912598
3.4162166118621826
3.818814277648926
3.5056369304656982
3.4356064796447754
4.406205892562866
3.5257954597473145
3.42107892036438
3.6241047382354736
3.196695327758789
4.515280485153198
4.275364637374878
3.781813859939575
ESC product
43133
61647
53300
27627
K min
2.334284782409668⏨¯2
2.2727251052856445⏨¯2
4.830288887023926⏨¯2
3.1563520431518555⏨¯2
8.895397186279297⏨¯3
8.96906852722168⏨¯3
1.0556697845458984⏨¯2
1.62808895111084⏨¯2
3.0784130096435547⏨¯2
9.048938751220703⏨¯3
9.114980697631836⏨¯3
2.2072792053222656⏨¯2
1.0593175888061523⏨¯2
1.6958236694335938⏨¯2
8.752107620239258⏨¯3
7.972240447998047⏨¯3
1.9869089126586914⏨¯2
9.491682052612305⏨¯3
2.3186683654785156⏨¯2
8.866548538208008⏨¯3
ESC min
49121
16357
60171
17
K max
7.7571868896484375⏨¯3
7.903814315795898⏨¯3
7.93313980102539⏨¯3
8.168935775756836⏨¯3
8.467435836791992⏨¯3
2.5809288024902344⏨¯2
8.807659149169922⏨¯3
7.94076919555664⏨¯3
8.317947387695313⏨¯3
8.010625839233398⏨¯3
7.626056671142578⏨¯3
7.850885391235352⏨¯3
7.977724075317383⏨¯3
7.977962493896484⏨¯3
3.364253044128418⏨¯2
8.874893188476563⏨¯3
8.852005004882813⏨¯3
7.99417495727539⏨¯3
8.148670196533203⏨¯3
8.073568344116211⏨¯3
ESC max
49747
22119
18360
65388
K scan
6.573280334472656
5.7879798412323
6.689236879348755
8.728147745132446
6.655655860900879
6.573549509048462
6.716519832611084
6.397390604019165
6.373233079910278
7.639429807662964
7.649215936660767
8.488288164138794
7.828551530838013
9.2175874710083
8.762361764907837
9.4909086227417
8.910261631011963
7.703070163726807
7.951042652130127
8.176036596298218
ESC scan
8952
2178
44726
52285
K tree_reduction
0.8461692333221436
0.8277463912963867
0.7090122699737549
0.7639684677124023
0.591027021408081
0.7002353668212891
0.6458430290222168
0.6872968673706055
0.687767505645752
0.5359950065612793
0.681605339050293
0.6893210411071777
0.7222766876220703
0.7376708984375
0.6847670078277588
0.7633414268493652
0.8103365898132324
0.7257707118988037
0.5661182403564453
0.6641299724578857
ESC tree_reduction
60252
36458
6596
4932
K segmented_reduction
0.7048308849334717
0.8785467147827148
0.7653260231018066
0.6243424415588379
0.7209253311157227
0.6260473728179932
0.9201061725616455
0.8623580932617188
0.7343347072601318
0.6415438652038574
0.8139262199401855
0.6800689697265625
0.625769853591919
0.7381618022918701
0.8414654731750488
0.6216428279876709
0.6351504325866699
0.8011882305145264
0.6783068180084229
0.618704080581665
ESC segmented_reduction
60252
36458
6596
4932
K subleq_subtract
0.42757439613342285
0.4984111785888672
0.2795264720916748
0.4318277835845947
0.3030078411102295
0.47766661643981934
0.3191103935241699
0.4734025001525879
0.3009302616119385
0.4721345901489258
0.292818546295166
0.29372429847717285
0.5013763904571533
0.27334046363830566
0.48688769340515137
0.26891398429870605
0.2945594787597656
0.49077892303466797
0.2960846424102783
0.45697999000549316
ESC subleq_subtract
45878
63506
22945
14306
K subleq_compare
4.594588279724121⏨¯2
2.187490463256836⏨¯2
1.9902706146240234⏨¯2
2.0073413848876953⏨¯2
5.806279182434082⏨¯2
5.1764726638793945⏨¯2
7.102584838867188⏨¯2
6.850075721740723⏨¯2
6.334137916564941⏨¯2
3.565049171447754⏨¯2
1.986074447631836⏨¯2
1.948261260986328⏨¯2
2.1065473556518555⏨¯2
3.207087516784668⏨¯2
1.999688148498535⏨¯2
2.4249792098999023⏨¯2
0.2841782569885254
2.0836830139160156⏨¯2
4.263019561767578⏨¯2
2.2125720977783203⏨¯2
ESC subleq_compare
543
K subleq_route
6.995677947998047⏨¯3
8.119583129882813⏨¯3
7.193088531494141⏨¯3
7.730722427368164⏨¯3
7.225990295410156⏨¯3
7.269382476806641⏨¯3
7.081270217895508⏨¯3
7.041454315185547⏨¯3
7.101774215698242⏨¯3
3.2923221588134766⏨¯2
6.9332122802734375⏨¯3
6.867885589599609⏨¯3
7.8012943267822266⏨¯3
6.860017776489258⏨¯3
7.482767105102539⏨¯3
7.140159606933594⏨¯3
6.986856460571289⏨¯3
6.977081298828125⏨¯3
6.875753402709961⏨¯3
7.3168277740478516⏨¯3
ESC subleq_route
5432
1854
48220
23100
K subleq_reduce
3.1168460845947266⏨¯3
3.1833648681640625⏨¯3
3.064393997192383⏨¯3
3.152132034301758⏨¯3
3.344297409057617⏨¯3
3.2355785369873047⏨¯3
3.175020217895508⏨¯3
3.202199935913086⏨¯3
3.1223297119140625⏨¯3
3.1795501708984375⏨¯3
3.093242645263672⏨¯3
3.2155513763427734⏨¯3
3.206968307495117⏨¯3
3.0586719512939453⏨¯3
3.155231475830078⏨¯3
3.206014633178711⏨¯3
3.081798553466797⏨¯3
2.6496171951293945⏨¯2
3.286123275756836⏨¯3
3.093719482421875⏨¯3
ESC subleq_reduce
5432
1854
48220
23100
K attention_pipeline
0.423109769821167
0.4144470691680908
0.748354434967041
0.36264634132385254
0.45969223976135254
0.595435380935669
0.33757543563842773
0.3567073345184326
0.3360471725463867
0.6393604278564453
0.3511941432952881
0.3957641124725342
0.5984783172607422
0.3634800910949707
0.3569521903991699
0.3790130615234375
0.6115198135375977
0.3750457763671875
0.3690760135650635
0.569866418838501
ESC attention_pipeline
5432
1854
48220
23100
K goldilocks_subtract
0.2970457077026367
0.2997915744781494
0.2946298122406006
0.6621320247650146
0.35878443717956543
0.3300490379333496
0.3676886558532715
0.7114858627319336
0.34308314323425293
0.40902113914489746
0.33258867263793945
0.7567968368530273
0.3494441509246826
0.33321332931518555
0.361922025680542
0.38660478591918945
0.9371442794799805
0.29465436935424805
0.3002591133117676
0.292344331741333
ESC goldilocks_subtract
45878
63506
22945
14306
K goldilocks_multiply
4.606055736541748
4.965515613555908
3.337015390396118
3.1532704830169678
3.6737191677093506
3.646029233932495
3.4014081954956055
4.298778533935547
3.0419461727142334
3.563685655593872
4.134496688842773
3.712414264678955
3.930804967880249
3.3124892711639404
3.1126868724823
3.660367965698242
2.9989264011383057
3.7065703868865967
3.5666160583496094
3.8586840629577637
ESC goldilocks_multiply
35791
5959
20289
16001
EXP06_END
