EXP06_BEGIN
N 128
STREAM_CHECK
59069
8093
30598
60488
K sum
2.779722213745117⏨¯3
2.2439956665039063⏨¯3
2.6412010192871094⏨¯3
2.1414756774902344⏨¯3
2.246856689453125⏨¯3
2.1514892578125⏨¯3
4.398822784423828⏨¯3
2.2585391998291016⏨¯3
2.25067138671875⏨¯3
2.1338462829589844⏨¯3
4.506349563598633⏨¯3
2.32696533203125⏨¯3
3.975391387939453⏨¯3
2.443075180053711⏨¯3
2.178668975830078⏨¯3
2.4912357330322266⏨¯3
4.27699089050293⏨¯3
3.457784652709961⏨¯3
2.488374710083008⏨¯3
2.1741390228271484⏨¯3
ESC sum
59069
8093
30598
60488
K product
0.6573672294616699
0.3558187484741211
0.4485476016998291
0.47293591499328613
0.32042837142944336
0.4068005084991455
0.6757774353027344
0.2898719310760498
0.252377986907959
0.2527320384979248
0.3253624439239502
0.24827122688293457
0.25217604637145996
0.30443263053894043
0.3744699954986572
0.30434298515319824
0.38509583473205566
0.4219322204589844
0.36504459381103516
0.3116426467895508
ESC product
17797
6549
32721
18914
K min
1.0209083557128906⏨¯3
9.317398071289063⏨¯4
8.985996246337891⏨¯4
9.171962738037109⏨¯4
9.307861328125⏨¯4
9.417533874511719⏨¯4
8.654594421386719⏨¯4
8.482933044433594⏨¯4
9.779930114746094⏨¯4
8.330345153808594⏨¯4
9.331703186035156⏨¯4
8.413791656494141⏨¯4
1.1420249938964844⏨¯3
1.104593276977539⏨¯3
1.1980533599853516⏨¯3
1.035928726196289⏨¯3
8.950233459472656⏨¯4
7.729530334472656⏨¯4
8.263587951660156⏨¯4
7.565021514892578⏨¯4
ESC min
49121
16357
60171
17
K max
8.497238159179688⏨¯4
7.565021514892578⏨¯4
8.234977722167969⏨¯4
7.746219635009766⏨¯4
8.397102355957031⏨¯4
7.739067077636719⏨¯4
8.890628814697266⏨¯4
7.567405700683594⏨¯4
8.046627044677734⏨¯4
7.941722869873047⏨¯4
7.824897766113281⏨¯4
8.771419525146484⏨¯4
7.734298706054688⏨¯4
8.513927459716797⏨¯4
7.624626159667969⏨¯4
8.549690246582031⏨¯4
7.824897766113281⏨¯4
8.437633514404297⏨¯4
1.425027847290039⏨¯3
9.815692901611328⏨¯4
ESC max
6052
37863
37479
65323
K scan
0.5164551734924316
0.500669002532959
0.8420426845550537
0.70577073097229
1.1893062591552734
1.3604834079742432
0.5436444282531738
0.544022798538208
0.5018353462219238
0.7859933376312256
0.519132137298584
0.5837199687957764
0.5596249103546143
0.5890340805053711
0.6790211200714111
0.47133517265319824
0.65549635887146
0.5603547096252441
0.583397388458252
0.5186893939971924
ESC scan
27576
24583
32644
30727
K tree_reduction
5.9783220291137695⏨¯2
5.740761756896973⏨¯2
5.829215049743652⏨¯2
0.10655689239501953
0.10022473335266113
6.75654411315918⏨¯2
9.705543518066406⏨¯2
9.675335884094238⏨¯2
7.125067710876465⏨¯2
7.422637939453125⏨¯2
7.544779777526855⏨¯2
6.871175765991211⏨¯2
5.948448181152344⏨¯2
0.10717582702636719
7.075142860412598⏨¯2
8.124494552612305⏨¯2
5.830979347229004⏨¯2
5.299043655395508⏨¯2
6.313490867614746⏨¯2
5.122017860412598⏨¯2
ESC tree_reduction
59069
8093
30598
60488
K segmented_reduction
7.184243202209473⏨¯2
6.645464897155762⏨¯2
8.541250228881836⏨¯2
5.072498321533203⏨¯2
9.16905403137207⏨¯2
2.9442310333251953⏨¯2
2.703237533569336⏨¯2
4.109025001525879⏨¯2
2.091073989868164⏨¯2
2.098560333251953⏨¯2
2.0574569702148438⏨¯2
1.9165754318237305⏨¯2
1.9504308700561523⏨¯2
2.1132707595825195⏨¯2
2.4979829788208008⏨¯2
2.0581722259521484⏨¯2
1.9473552703857422⏨¯2
2.077317237854004⏨¯2
3.801608085632324⏨¯2
2.2331953048706055⏨¯2
ESC segmented_reduction
59069
8093
30598
60488
K subleq_subtract
2.4025917053222656⏨¯2
2.8018712997436523⏨¯2
2.9014110565185547⏨¯2
5.0524234771728516⏨¯2
3.0056238174438477⏨¯2
5.185651779174805⏨¯2
5.215191841125488⏨¯2
2.387690544128418⏨¯2
4.8790693283081055⏨¯2
2.3843050003051758⏨¯2
2.3873567581176758⏨¯2
2.388453483581543⏨¯2
2.3036718368530273⏨¯2
2.4786949157714844⏨¯2
3.275442123413086⏨¯2
6.061387062072754⏨¯2
3.6441802978515625⏨¯2
3.435993194580078⏨¯2
8.610010147094727⏨¯2
3.947591781616211⏨¯2
ESC subleq_subtract
42915
9497
28542
44273
K subleq_compare
1.962900161743164⏨¯3
2.027273178100586⏨¯3
2.1409988403320313⏨¯3
2.101898193359375⏨¯3
2.219676971435547⏨¯3
3.642559051513672⏨¯3
2.137422561645508⏨¯3
4.955291748046875⏨¯3
1.888275146484375⏨¯3
1.9354820251464844⏨¯3
1.8661022186279297⏨¯3
1.8398761749267578⏨¯3
2.114534378051758⏨¯3
2.1522045135498047⏨¯3
6.32941722869873⏨¯2
3.7763118743896484⏨¯3
3.798961639404297⏨¯3
2.043485641479492⏨¯3
2.588510513305664⏨¯3
3.850698471069336⏨¯3
ESC subleq_compare
71
K subleq_route
1.603841781616211⏨¯3
5.915164947509766⏨¯4
8.208751678466797⏨¯4
1.8966197967529297⏨¯3
7.183551788330078⏨¯4
6.548643112182617⏨¯3
1.096487045288086⏨¯3
5.326271057128906⏨¯4
1.729726791381836⏨¯3
6.21795654296875⏨¯4
2.1157264709472656⏨¯3
6.144046783447266⏨¯4
1.1172294616699219⏨¯3
2.1543502807617188⏨¯3
8.254051208496094⏨¯4
2.2864341735839844⏨¯3
5.857944488525391⏨¯4
5.502700805664063⏨¯4
1.2662410736083984⏨¯3
5.555152893066406⏨¯4
ESC subleq_route
23927
4016
1227
30313
K subleq_reduce
3.2896995544433594⏨¯3
2.0494461059570313⏨¯3
2.086639404296875⏨¯3
1.9989013671875⏨¯3
2.0520687103271484⏨¯3
1.985788345336914⏨¯3
1.9783973693847656⏨¯3
2.00653076171875⏨¯3
2.7120113372802734⏨¯3
2.1514892578125⏨¯3
2.1240711212158203⏨¯3
2.0046234130859375⏨¯3
1.999378204345703⏨¯3
2.027750015258789⏨¯3
2.3889541625976563⏨¯3
2.3458003997802734⏨¯3
2.259492874145508⏨¯3
2.171754837036133⏨¯3
2.0766258239746094⏨¯3
2.001523971557617⏨¯3
ESC subleq_reduce
23927
4016
1227
30313
K attention_pipeline
2.9569625854492188⏨¯2
3.214144706726074⏨¯2
5.3627967834472656⏨¯2
3.217887878417969⏨¯2
5.7041168212890625⏨¯2
3.165912628173828⏨¯2
3.272867202758789⏨¯2
6.100630760192871⏨¯2
3.10366153717041⏨¯2
5.1093101501464844⏨¯2
3.6676645278930664⏨¯2
5.56180477142334⏨¯2
3.130316734313965⏨¯2
0.12109613418579102
3.247475624084473⏨¯2
3.412485122680664⏨¯2
4.262042045593262⏨¯2
4.8748016357421875⏨¯2
3.4807682037353516⏨¯2
7.375860214233398⏨¯2
ESC attention_pipeline
23927
4016
1227
30313
K goldilocks_subtract
6.24232292175293⏨¯2
8.15436840057373⏨¯2
5.739617347717285⏨¯2
2.8350114822387695⏨¯2
3.0138254165649414⏨¯2
4.144001007080078⏨¯2
3.041553497314453⏨¯2
6.038665771484375⏨¯2
5.46116828918457⏨¯2
5.476737022399902⏨¯2
2.4565696716308594⏨¯2
2.322673797607422⏨¯2
5.347871780395508⏨¯2
9.208297729492188⏨¯2
3.485584259033203⏨¯2
3.0512571334838867⏨¯2
3.225898742675781⏨¯2
2.4291038513183594⏨¯2
2.6406288146972656⏨¯2
5.469679832458496⏨¯2
ESC goldilocks_subtract
42915
9497
28542
44273
K goldilocks_multiply
0.46852922439575195
0.4125964641571045
0.4695272445678711
0.43982386589050293
0.6316084861755371
0.4701230525970459
0.8050918579101563
0.2568516731262207
0.32291603088378906
0.24479269981384277
0.38927602767944336
0.27878594398498535
0.3253288269042969
0.2361445426940918
0.44181108474731445
0.4705657958984375
0.3575313091278076
0.3635976314544678
0.5414526462554932
0.36018872261047363
ESC goldilocks_multiply
64067
7449
25141
16295
EXP06_END
